#
# There is insufficient memory for the Java Runtime Environment to continue.
# Native memory allocation (malloc) failed to allocate 341376 bytes for Chunk::new
# Possible reasons:
#   The system is out of physical RAM or swap space
#   The process is running with CompressedOops enabled, and the Java Heap may be blocking the growth of the native heap
# Possible solutions:
#   Reduce memory load on the system
#   Increase physical memory or swap space
#   Check if swap backing store is full
#   Decrease Java heap size (-Xmx/-Xms)
#   Decrease number of Java threads
#   Decrease Java thread stack sizes (-Xss)
#   Set larger code cache with -XX:ReservedCodeCacheSize=
#   JVM is running with Zero Based Compressed Oops mode in which the Java heap is
#     placed in the first 32GB address space. The Java Heap base address is the
#     maximum limit for the native heap growth. Please use -XX:HeapBaseMinAddress
#     to set the Java Heap base and to place the Java Heap above 32GB virtual address.
# This output file may be truncated or incomplete.
#
#  Out of Memory Error (arena.cpp:189), pid=376, tid=36620
#
# JRE version: Java(TM) SE Runtime Environment (17.0.12+8) (build 17.0.12+8-LTS-286)
# Java VM: Java HotSpot(TM) 64-Bit Server VM (17.0.12+8-LTS-286, mixed mode, sharing, tiered, compressed oops, compressed class ptrs, g1 gc, windows-amd64)
# No core dump will be written. Minidumps are not enabled by default on client versions of Windows
#

---------------  S U M M A R Y ------------

Command Line: -Xmx4g -XX:+IgnoreUnrecognizedVMOptions --add-modules=jdk.incubator.vector --add-opens=java.base/java.lang=ALL-UNNAMED --add-opens=java.base/java.lang.invoke=ALL-UNNAMED --add-opens=java.base/java.lang.reflect=ALL-UNNAMED --add-opens=java.base/java.io=ALL-UNNAMED --add-opens=java.base/java.net=ALL-UNNAMED --add-opens=java.base/java.nio=ALL-UNNAMED --add-opens=java.base/java.util=ALL-UNNAMED --add-opens=java.base/java.util.concurrent=ALL-UNNAMED --add-opens=java.base/java.util.concurrent.atomic=ALL-UNNAMED --add-opens=java.base/jdk.internal.ref=ALL-UNNAMED --add-opens=java.base/sun.nio.ch=ALL-UNNAMED --add-opens=java.base/sun.nio.cs=ALL-UNNAMED --add-opens=java.base/sun.security.action=ALL-UNNAMED --add-opens=java.base/sun.util.calendar=ALL-UNNAMED --add-opens=java.security.jgss/sun.security.krb5=ALL-UNNAMED -Dio.netty.tryReflectionSetAccessible=true -Dio.netty.allocator.type=pooled -Dio.netty.handler.ssl.defaultEndpointVerificationAlgorithm=NONE --sun-misc-unsafe-memory-access=allow --enable-native-access=ALL-UNNAMED -Dderby.connection.requireAuthentication=false org.apache.spark.deploy.SparkSubmit --conf spark.master=local[2] --conf spark.driver.memory=4g --conf spark.app.name=CustomerChurn pyspark-shell

Host: Intel(R) Core(TM) Ultra 7 255U, 14 cores, 15G,  Windows 11 , 64 bit Build 26100 (10.0.26100.9168)
Time: Wed Aug 19 15:10:37 2026 India Standard Time elapsed time: 36.075968 seconds (0d 0h 0m 36s)

---------------  T H R E A D  ---------------

Current thread (0x000002047f822600):  JavaThread "C2 CompilerThread0" daemon [_thread_in_native, id=36620, stack(0x0000008676000000,0x0000008676100000)]


Current CompileTask:
C2:  36076 9226       4       org.codehaus.janino.TokenStreamImpl::read (60 bytes)

Stack: [0x0000008676000000,0x0000008676100000]
Native frames: (J=compiled Java code, j=interpreted, Vv=VM code, C=native code)
V  [jvm.dll+0x67a04a]
V  [jvm.dll+0x7da4ed]
V  [jvm.dll+0x7dbe33]
V  [jvm.dll+0x7dc4a3]
V  [jvm.dll+0x24508f]
V  [jvm.dll+0xab773]
V  [jvm.dll+0xabd3c]
V  [jvm.dll+0x2aa52f]
V  [jvm.dll+0x581eb9]
V  [jvm.dll+0x21f422]
V  [jvm.dll+0x21f81f]
V  [jvm.dll+0x218aa0]
V  [jvm.dll+0x215b65]
V  [jvm.dll+0x1a2960]
V  [jvm.dll+0x22610b]
V  [jvm.dll+0x2242ab]
V  [jvm.dll+0x79075c]
V  [jvm.dll+0x78abea]
V  [jvm.dll+0x678f35]
C  [ucrtbase.dll+0x2cd30]
C  [KERNEL32.DLL+0x2ccb7]
C  [ntdll.dll+0xaad6c]


---------------  P R O C E S S  ---------------

Threads class SMR info:
_java_thread_list=0x000002045d194cf0, length=58, elements={
0x0000020470d9e2e0, 0x000002047f806ff0, 0x000002047f8078c0, 0x000002047f8196c0,
0x000002047f819f90, 0x000002047f81b3d0, 0x000002047f820320, 0x000002047f822600,
0x000002047f8302b0, 0x000002047f8533a0, 0x000002047f8f9fa0, 0x000002047faf8100,
0x000002045db1d3c0, 0x000002047faab660, 0x000002045e31f180, 0x000002045e68ac20,
0x000002045e68b130, 0x000002045e68bb50, 0x000002045e68ca80, 0x000002045e68c060,
0x000002045e68c570, 0x000002045e68cf90, 0x000002045e68d4a0, 0x000002045e68d9b0,
0x000002045e68a200, 0x000002045ee7f9b0, 0x000002045ee81300, 0x000002045ee7fec0,
0x000002045ee7f4a0, 0x000002045ee80df0, 0x000002045ee7ea80, 0x000002045ee7ef90,
0x000002045ee81d20, 0x000002045ee7e570, 0x000002045ee82740, 0x000002045ee82230,
0x000002045ee83670, 0x000002045ee82c50, 0x000002045ee83160, 0x000002045ee83b80,
0x000002045ee803d0, 0x000002045ee845a0, 0x000002045ee84fc0, 0x000002045ee84ab0,
0x000002045ee854d0, 0x000002045ee859e0, 0x000002045e80d210, 0x000002045e80e140,
0x000002045e80e650, 0x000002045e80cd00, 0x000002045e80c7f0, 0x000002045e810ed0,
0x000002045e811e00, 0x000002045e80fa90, 0x000002045fbb0df0, 0x000002045fbb08e0,
0x000002045fbaea80, 0x000002045fbb2740
}

Java Threads: ( => current thread )
  0x0000020470d9e2e0 JavaThread "main" [_thread_in_native, id=23100, stack(0x0000008675300000,0x0000008675400000)]
  0x000002047f806ff0 JavaThread "Reference Handler" daemon [_thread_blocked, id=3356, stack(0x0000008675a00000,0x0000008675b00000)]
  0x000002047f8078c0 JavaThread "Finalizer" daemon [_thread_blocked, id=9052, stack(0x0000008675b00000,0x0000008675c00000)]
  0x000002047f8196c0 JavaThread "Signal Dispatcher" daemon [_thread_blocked, id=28724, stack(0x0000008675c00000,0x0000008675d00000)]
  0x000002047f819f90 JavaThread "Attach Listener" daemon [_thread_blocked, id=35520, stack(0x0000008675d00000,0x0000008675e00000)]
  0x000002047f81b3d0 JavaThread "Service Thread" daemon [_thread_blocked, id=26716, stack(0x0000008675e00000,0x0000008675f00000)]
  0x000002047f820320 JavaThread "Monitor Deflation Thread" daemon [_thread_blocked, id=38344, stack(0x0000008675f00000,0x0000008676000000)]
=>0x000002047f822600 JavaThread "C2 CompilerThread0" daemon [_thread_in_native, id=36620, stack(0x0000008676000000,0x0000008676100000)]
  0x000002047f8302b0 JavaThread "C1 CompilerThread0" daemon [_thread_in_vm, id=34332, stack(0x0000008676100000,0x0000008676200000)]
  0x000002047f8533a0 JavaThread "Sweeper thread" daemon [_thread_blocked, id=32120, stack(0x0000008676200000,0x0000008676300000)]
  0x000002047f8f9fa0 JavaThread "Common-Cleaner" daemon [_thread_blocked, id=6812, stack(0x0000008676300000,0x0000008676400000)]
  0x000002047faf8100 JavaThread "Notification Thread" daemon [_thread_blocked, id=28204, stack(0x0000008676500000,0x0000008676600000)]
  0x000002045db1d3c0 JavaThread "Thread-1" [_thread_in_native, id=2912, stack(0x0000008677400000,0x0000008677500000)]
  0x000002047faab660 JavaThread "Thread-2" [_thread_blocked, id=20576, stack(0x0000008676400000,0x0000008676500000)]
  0x000002045e31f180 JavaThread "Thread-3" [_thread_in_native, id=37896, stack(0x0000008676b00000,0x0000008676c00000)]
  0x000002045e68ac20 JavaThread "rpc-boss-3-1" daemon [_thread_in_native, id=13212, stack(0x0000008677700000,0x0000008677800000)]
  0x000002045e68b130 JavaThread "dispatcher-event-loop-0" daemon [_thread_blocked, id=14048, stack(0x0000008677800000,0x0000008677900000)]
  0x000002045e68bb50 JavaThread "dispatcher-event-loop-1" daemon [_thread_blocked, id=22844, stack(0x0000008677900000,0x0000008677a00000)]
  0x000002045e68ca80 JavaThread "map-output-dispatcher-0" daemon [_thread_blocked, id=27628, stack(0x0000008677a00000,0x0000008677b00000)]
  0x000002045e68c060 JavaThread "map-output-dispatcher-1" daemon [_thread_blocked, id=28448, stack(0x0000008677b00000,0x0000008677c00000)]
  0x000002045e68c570 JavaThread "map-output-dispatcher-2" daemon [_thread_blocked, id=35152, stack(0x0000008677c00000,0x0000008677d00000)]
  0x000002045e68cf90 JavaThread "map-output-dispatcher-3" daemon [_thread_blocked, id=15820, stack(0x0000008677d00000,0x0000008677e00000)]
  0x000002045e68d4a0 JavaThread "map-output-dispatcher-4" daemon [_thread_blocked, id=16896, stack(0x0000008677e00000,0x0000008677f00000)]
  0x000002045e68d9b0 JavaThread "map-output-dispatcher-5" daemon [_thread_blocked, id=31308, stack(0x0000008677f00000,0x0000008678000000)]
  0x000002045e68a200 JavaThread "map-output-dispatcher-6" daemon [_thread_blocked, id=33436, stack(0x0000008678000000,0x0000008678100000)]
  0x000002045ee7f9b0 JavaThread "map-output-dispatcher-7" daemon [_thread_blocked, id=35896, stack(0x0000008678100000,0x0000008678200000)]
  0x000002045ee81300 JavaThread "dispatcher-BlockManagerMaster" daemon [_thread_blocked, id=10336, stack(0x0000008677500000,0x0000008677600000)]
  0x000002045ee7fec0 JavaThread "dispatcher-BlockManagerEndpoint1" daemon [_thread_blocked, id=20056, stack(0x0000008677600000,0x0000008677700000)]
  0x000002045ee7f4a0 JavaThread "RemoteBlock-temp-file-clean-thread" daemon [_thread_blocked, id=39868, stack(0x0000008678200000,0x0000008678300000)]
  0x000002045ee80df0 JavaThread "refresh progress" daemon [_thread_blocked, id=23852, stack(0x0000008678300000,0x0000008678400000)]
  0x000002045ee7ea80 JavaThread "SparkUI-36" daemon [_thread_in_native, id=38236, stack(0x0000008678600000,0x0000008678700000)]
  0x000002045ee7ef90 JavaThread "SparkUI-37" daemon [_thread_in_native, id=18736, stack(0x0000008678700000,0x0000008678800000)]
  0x000002045ee81d20 JavaThread "SparkUI-38" daemon [_thread_in_native, id=23208, stack(0x0000008678800000,0x0000008678900000)]
  0x000002045ee7e570 JavaThread "SparkUI-39" daemon [_thread_in_native, id=37240, stack(0x0000008678900000,0x0000008678a00000)]
  0x000002045ee82740 JavaThread "SparkUI-40" daemon [_thread_in_native, id=21652, stack(0x0000008678a00000,0x0000008678b00000)]
  0x000002045ee82230 JavaThread "SparkUI-41" daemon [_thread_in_native, id=21548, stack(0x0000008678b00000,0x0000008678c00000)]
  0x000002045ee83670 JavaThread "SparkUI-42" daemon [_thread_in_native, id=2656, stack(0x0000008678c00000,0x0000008678d00000)]
  0x000002045ee82c50 JavaThread "SparkUI-43-acceptor-0@659f9d8d-osjs.ServerConnector@6b587f4e{HTTP/1.1, (http/1.1)}{0.0.0.0:4040}" daemon [_thread_in_native, id=37948, stack(0x0000008678d00000,0x0000008678e00000)]
  0x000002045ee83160 JavaThread "dispatcher-HeartbeatReceiver" daemon [_thread_blocked, id=36544, stack(0x0000008678e00000,0x0000008678f00000)]
  0x000002045ee83b80 JavaThread "heartbeat-receiver-event-loop-thread" daemon [_thread_blocked, id=28764, stack(0x0000008678f00000,0x0000008679000000)]
  0x000002045ee803d0 JavaThread "netty-rpc-env-timeout" daemon [_thread_blocked, id=484, stack(0x0000008679000000,0x0000008679100000)]
  0x000002045ee845a0 JavaThread "dag-scheduler-event-loop" daemon [_thread_blocked, id=29252, stack(0x0000008678500000,0x0000008678600000)]
  0x000002045ee84fc0 JavaThread "driver-heartbeater" daemon [_thread_blocked, id=16792, stack(0x0000008679100000,0x0000008679200000)]
  0x000002045ee84ab0 JavaThread "executor-kill-mark-cleanup" daemon [_thread_blocked, id=21124, stack(0x0000008679200000,0x0000008679300000)]
  0x000002045ee854d0 JavaThread "executor-heartbeater" daemon [_thread_blocked, id=40400, stack(0x0000008679300000,0x0000008679400000)]
  0x000002045ee859e0 JavaThread "shuffle-boss-6-1" daemon [_thread_in_native, id=31344, stack(0x0000008679400000,0x0000008679500000)]
  0x000002045e80d210 JavaThread "Spark Context Cleaner" daemon [_thread_blocked, id=14800, stack(0x0000008679500000,0x0000008679600000)]
  0x000002045e80e140 JavaThread "context-cleaner-periodic-gc" daemon [_thread_blocked, id=25512, stack(0x0000008679600000,0x0000008679700000)]
  0x000002045e80e650 JavaThread "spark-listener-group-appStatus" daemon [_thread_blocked, id=18624, stack(0x0000008679700000,0x0000008679800000)]
  0x000002045e80cd00 JavaThread "spark-listener-group-executorManagement" daemon [_thread_blocked, id=39872, stack(0x0000008679800000,0x0000008679900000)]
  0x000002045e80c7f0 JavaThread "element-tracking-store-worker" daemon [_thread_blocked, id=27852, stack(0x0000008679900000,0x0000008679a00000)]
  0x000002045e810ed0 JavaThread "org.apache.hadoop.fs.FileSystem$Statistics$StatisticsDataReferenceCleaner" daemon [_thread_blocked, id=39128, stack(0x0000008678400000,0x0000008678500000)]
  0x000002045e811e00 JavaThread "Cleaner-0" daemon [_thread_blocked, id=5268, stack(0x0000008679a00000,0x0000008679b00000)]
  0x000002045e80fa90 JavaThread "shuffle-exchange-0" daemon [_thread_blocked, id=21704, stack(0x0000008679c00000,0x0000008679d00000)]
  0x000002045fbb0df0 JavaThread "Executor task idle worker#61" daemon [_thread_blocked, id=23612, stack(0x0000008679b00000,0x0000008679c00000)]
  0x000002045fbb08e0 JavaThread "task-result-getter-0" daemon [_thread_blocked, id=29620, stack(0x000000867a000000,0x000000867a100000)]
  0x000002045fbaea80 JavaThread "QueryStageCreator-0" daemon [_thread_blocked, id=18132, stack(0x000000867a100000,0x000000867a200000)]
  0x000002045fbb2740 JavaThread "ResultQueryStageExecution-0" daemon [_thread_blocked, id=8080, stack(0x0000008679f00000,0x000000867a000000)]

Other Threads:
  0x000002047f7faba0 VMThread "VM Thread" [stack: 0x0000008675900000,0x0000008675a00000] [id=38612]
  0x0000020470ce10f0 WatcherThread [stack: 0x0000008676600000,0x0000008676700000] [id=15216]
  0x000002047329eb80 GCTaskThread "GC Thread#0" [stack: 0x0000008675400000,0x0000008675500000] [id=23440]
  0x000002045cd085a0 GCTaskThread "GC Thread#1" [stack: 0x0000008676700000,0x0000008676800000] [id=17164]
  0x000002045c526340 GCTaskThread "GC Thread#2" [stack: 0x0000008676800000,0x0000008676900000] [id=23352]
  0x000002045c526600 GCTaskThread "GC Thread#3" [stack: 0x0000008676900000,0x0000008676a00000] [id=31352]
  0x000002045c5268c0 GCTaskThread "GC Thread#4" [stack: 0x0000008676a00000,0x0000008676b00000] [id=18804]
  0x000002045de3bc00 GCTaskThread "GC Thread#5" [stack: 0x0000008676c00000,0x0000008676d00000] [id=38352]
  0x000002045de3a340 GCTaskThread "GC Thread#6" [stack: 0x0000008676d00000,0x0000008676e00000] [id=13196]
  0x000002045de3a600 GCTaskThread "GC Thread#7" [stack: 0x0000008676e00000,0x0000008676f00000] [id=15984]
  0x000002045de3ab80 GCTaskThread "GC Thread#8" [stack: 0x0000008676f00000,0x0000008677000000] [id=20888]
  0x000002045de3b3c0 GCTaskThread "GC Thread#9" [stack: 0x0000008677000000,0x0000008677100000] [id=33480]
  0x000002045de3b680 GCTaskThread "GC Thread#10" [stack: 0x0000008677100000,0x0000008677200000] [id=28260]
  0x000002047c9f53d0 ConcurrentGCThread "G1 Main Marker" [stack: 0x0000008675500000,0x0000008675600000] [id=20864]
  0x000002047c9fa550 ConcurrentGCThread "G1 Conc#0" [stack: 0x0000008675600000,0x0000008675700000] [id=5580]
  0x000002045db0d350 ConcurrentGCThread "G1 Conc#1" [stack: 0x0000008677200000,0x0000008677300000] [id=39628]
  0x000002045db0d8d0 ConcurrentGCThread "G1 Conc#2" [stack: 0x0000008677300000,0x0000008677400000] [id=37432]
  0x000002047caf8690 ConcurrentGCThread "G1 Refine#0" [stack: 0x0000008675700000,0x0000008675800000] [id=33680]
  0x000002047caf8e70 ConcurrentGCThread "G1 Service" [stack: 0x0000008675800000,0x0000008675900000] [id=28464]

Threads with active compile tasks:
C2 CompilerThread0    36132 9226       4       org.codehaus.janino.TokenStreamImpl::read (60 bytes)

VM state: not at safepoint (normal execution)

VM Mutex/Monitor currently owned by a thread: None

Heap address: 0x0000000700000000, size: 4096 MB, Compressed Oops mode: Zero based, Oop shift amount: 3

CDS archive(s) mapped at: [0x0000020417000000-0x0000020417bd0000-0x0000020417bd0000), size 12386304, SharedBaseAddress: 0x0000020417000000, ArchiveRelocationMode: 1.
Compressed class space mapped at: 0x0000020418000000-0x0000020458000000, reserved size: 1073741824
Narrow klass base: 0x0000020417000000, Narrow klass shift: 0, Narrow klass range: 0x100000000

GC Precious Log:
 CPUs: 14 total, 14 available
 Memory: 15804M
 Large Page Support: Disabled
 NUMA Support: Disabled
 Compressed Oops: Enabled (Zero based)
 Heap Region Size: 2M
 Heap Min Capacity: 8M
 Heap Initial Capacity: 248M
 Heap Max Capacity: 4G
 Pre-touch: Disabled
 Parallel Workers: 11
 Concurrent Workers: 3
 Concurrent Refinement Workers: 11
 Periodic GC: Disabled

Heap:
 garbage-first heap   total 239616K, used 148180K [0x0000000700000000, 0x0000000800000000)
  region size 2048K, 9 young (18432K), 1 survivors (2048K)
 Metaspace       used 130264K, committed 131776K, reserved 1179648K
  class space    used 16945K, committed 17664K, reserved 1048576K

Heap Regions: E=young(eden), S=young(survivor), O=old, HS=humongous(starts), HC=humongous(continues), CS=collection set, F=free, OA=open archive, CA=closed archive, TAMS=top-at-mark-start (previous, next)
|   0|0x0000000700000000, 0x0000000700200000, 0x0000000700200000|100%|HS|  |TAMS 0x0000000700200000, 0x0000000700000000| Complete 
|   1|0x0000000700200000, 0x0000000700400000, 0x0000000700400000|100%|HS|  |TAMS 0x0000000700400000, 0x0000000700200000| Complete 
|   2|0x0000000700400000, 0x0000000700600000, 0x0000000700600000|100%|HC|  |TAMS 0x0000000700600000, 0x0000000700400000| Complete 
|   3|0x0000000700600000, 0x0000000700800000, 0x0000000700800000|100%| O|  |TAMS 0x0000000700800000, 0x0000000700600000| Untracked 
|   4|0x0000000700800000, 0x0000000700a00000, 0x0000000700a00000|100%| O|  |TAMS 0x0000000700a00000, 0x0000000700800000| Untracked 
|   5|0x0000000700a00000, 0x0000000700c00000, 0x0000000700c00000|100%| O|  |TAMS 0x0000000700c00000, 0x0000000700a00000| Untracked 
|   6|0x0000000700c00000, 0x0000000700e00000, 0x0000000700e00000|100%| O|  |TAMS 0x0000000700e00000, 0x0000000700c00000| Untracked 
|   7|0x0000000700e00000, 0x0000000701000000, 0x0000000701000000|100%| O|  |TAMS 0x0000000701000000, 0x0000000700e00000| Untracked 
|   8|0x0000000701000000, 0x0000000701200000, 0x0000000701200000|100%| O|  |TAMS 0x0000000701200000, 0x0000000701000000| Untracked 
|   9|0x0000000701200000, 0x0000000701400000, 0x0000000701400000|100%| O|  |TAMS 0x0000000701400000, 0x0000000701200000| Untracked 
|  10|0x0000000701400000, 0x0000000701570200, 0x0000000701600000| 71%| O|  |TAMS 0x0000000701570200, 0x0000000701400000| Untracked 
|  11|0x0000000701600000, 0x0000000701800000, 0x0000000701800000|100%| O|  |TAMS 0x0000000701800000, 0x0000000701600000| Untracked 
|  12|0x0000000701800000, 0x0000000701a00000, 0x0000000701a00000|100%| O|  |TAMS 0x0000000701a00000, 0x0000000701800000| Untracked 
|  13|0x0000000701a00000, 0x0000000701c00000, 0x0000000701c00000|100%| O|  |TAMS 0x0000000701c00000, 0x0000000701a00000| Untracked 
|  14|0x0000000701c00000, 0x0000000701e00000, 0x0000000701e00000|100%| O|  |TAMS 0x0000000701e00000, 0x0000000701c00000| Untracked 
|  15|0x0000000701e00000, 0x0000000702000000, 0x0000000702000000|100%| O|  |TAMS 0x0000000702000000, 0x0000000701e00000| Untracked 
|  16|0x0000000702000000, 0x0000000702200000, 0x0000000702200000|100%| O|  |TAMS 0x0000000702200000, 0x0000000702000000| Untracked 
|  17|0x0000000702200000, 0x0000000702400000, 0x0000000702400000|100%| O|  |TAMS 0x0000000702400000, 0x0000000702200000| Untracked 
|  18|0x0000000702400000, 0x0000000702600000, 0x0000000702600000|100%| O|  |TAMS 0x0000000702600000, 0x0000000702400000| Untracked 
|  19|0x0000000702600000, 0x0000000702800000, 0x0000000702800000|100%| O|  |TAMS 0x0000000702800000, 0x0000000702600000| Untracked 
|  20|0x0000000702800000, 0x0000000702a00000, 0x0000000702a00000|100%| O|  |TAMS 0x0000000702a00000, 0x0000000702800000| Untracked 
|  21|0x0000000702a00000, 0x0000000702c00000, 0x0000000702c00000|100%| O|  |TAMS 0x0000000702c00000, 0x0000000702a00000| Untracked 
|  22|0x0000000702c00000, 0x0000000702e00000, 0x0000000702e00000|100%| O|  |TAMS 0x0000000702e00000, 0x0000000702c00000| Untracked 
|  23|0x0000000702e00000, 0x0000000703000000, 0x0000000703000000|100%| O|  |TAMS 0x0000000703000000, 0x0000000702e00000| Untracked 
|  24|0x0000000703000000, 0x0000000703200000, 0x0000000703200000|100%| O|  |TAMS 0x0000000703200000, 0x0000000703000000| Untracked 
|  25|0x0000000703200000, 0x0000000703400000, 0x0000000703400000|100%| O|  |TAMS 0x0000000703400000, 0x0000000703200000| Untracked 
|  26|0x0000000703400000, 0x0000000703600000, 0x0000000703600000|100%| O|  |TAMS 0x0000000703600000, 0x0000000703400000| Untracked 
|  27|0x0000000703600000, 0x0000000703800000, 0x0000000703800000|100%| O|  |TAMS 0x0000000703800000, 0x0000000703600000| Untracked 
|  28|0x0000000703800000, 0x0000000703a00000, 0x0000000703a00000|100%| O|  |TAMS 0x0000000703a00000, 0x0000000703800000| Untracked 
|  29|0x0000000703a00000, 0x0000000703c00000, 0x0000000703c00000|100%| O|  |TAMS 0x0000000703c00000, 0x0000000703a00000| Untracked 
|  30|0x0000000703c00000, 0x0000000703e00000, 0x0000000703e00000|100%| O|  |TAMS 0x0000000703d3e600, 0x0000000703c00000| Untracked 
|  31|0x0000000703e00000, 0x0000000704000000, 0x0000000704000000|100%|HS|  |TAMS 0x0000000703e00000, 0x0000000703e00000| Complete 
|  32|0x0000000704000000, 0x0000000704000000, 0x0000000704200000|  0%| F|  |TAMS 0x0000000704000000, 0x0000000704000000| Untracked 
|  33|0x0000000704200000, 0x0000000704400000, 0x0000000704400000|100%| O|  |TAMS 0x0000000704400000, 0x0000000704200000| Untracked 
|  34|0x0000000704400000, 0x0000000704600000, 0x0000000704600000|100%| O|  |TAMS 0x0000000704600000, 0x0000000704400000| Untracked 
|  35|0x0000000704600000, 0x00000007046be400, 0x0000000704800000| 37%| O|  |TAMS 0x0000000704600000, 0x0000000704600000| Untracked 
|  36|0x0000000704800000, 0x0000000704800000, 0x0000000704a00000|  0%| F|  |TAMS 0x0000000704800000, 0x0000000704800000| Untracked 
|  37|0x0000000704a00000, 0x0000000704a00000, 0x0000000704c00000|  0%| F|  |TAMS 0x0000000704a00000, 0x0000000704a00000| Untracked 
|  38|0x0000000704c00000, 0x0000000704c00000, 0x0000000704e00000|  0%| F|  |TAMS 0x0000000704c00000, 0x0000000704c00000| Untracked 
|  39|0x0000000704e00000, 0x0000000704e00000, 0x0000000705000000|  0%| F|  |TAMS 0x0000000704e00000, 0x0000000704e00000| Untracked 
|  40|0x0000000705000000, 0x0000000705000000, 0x0000000705200000|  0%| F|  |TAMS 0x0000000705000000, 0x0000000705000000| Untracked 
|  41|0x0000000705200000, 0x0000000705200000, 0x0000000705400000|  0%| F|  |TAMS 0x0000000705200000, 0x0000000705200000| Untracked 
|  42|0x0000000705400000, 0x0000000705400000, 0x0000000705600000|  0%| F|  |TAMS 0x0000000705400000, 0x0000000705400000| Untracked 
|  43|0x0000000705600000, 0x0000000705600000, 0x0000000705800000|  0%| F|  |TAMS 0x0000000705600000, 0x0000000705600000| Untracked 
|  44|0x0000000705800000, 0x0000000705800000, 0x0000000705a00000|  0%| F|  |TAMS 0x0000000705800000, 0x0000000705800000| Untracked 
|  45|0x0000000705a00000, 0x0000000705a00000, 0x0000000705c00000|  0%| F|  |TAMS 0x0000000705a00000, 0x0000000705a00000| Untracked 
|  46|0x0000000705c00000, 0x0000000705c00000, 0x0000000705e00000|  0%| F|  |TAMS 0x0000000705c00000, 0x0000000705c00000| Untracked 
|  47|0x0000000705e00000, 0x0000000705e00000, 0x0000000706000000|  0%| F|  |TAMS 0x0000000705e00000, 0x0000000705e00000| Untracked 
|  48|0x0000000706000000, 0x0000000706000000, 0x0000000706200000|  0%| F|  |TAMS 0x0000000706000000, 0x0000000706000000| Untracked 
|  49|0x0000000706200000, 0x0000000706200000, 0x0000000706400000|  0%| F|  |TAMS 0x0000000706200000, 0x0000000706200000| Untracked 
|  50|0x0000000706400000, 0x0000000706400000, 0x0000000706600000|  0%| F|  |TAMS 0x0000000706400000, 0x0000000706400000| Untracked 
|  51|0x0000000706600000, 0x0000000706600000, 0x0000000706800000|  0%| F|  |TAMS 0x0000000706600000, 0x0000000706600000| Untracked 
|  52|0x0000000706800000, 0x0000000706800000, 0x0000000706a00000|  0%| F|  |TAMS 0x0000000706800000, 0x0000000706800000| Untracked 
|  53|0x0000000706a00000, 0x0000000706a00000, 0x0000000706c00000|  0%| F|  |TAMS 0x0000000706a00000, 0x0000000706a00000| Untracked 
|  54|0x0000000706c00000, 0x0000000706e00000, 0x0000000706e00000|100%|HS|  |TAMS 0x0000000706e00000, 0x0000000706c00000| Complete 
|  55|0x0000000706e00000, 0x0000000707000000, 0x0000000707000000|100%|HC|  |TAMS 0x0000000707000000, 0x0000000706e00000| Complete 
|  56|0x0000000707000000, 0x0000000707200000, 0x0000000707200000|100%|HC|  |TAMS 0x0000000707200000, 0x0000000707000000| Complete 
|  57|0x0000000707200000, 0x0000000707400000, 0x0000000707400000|100%|HC|  |TAMS 0x0000000707400000, 0x0000000707200000| Complete 
|  58|0x0000000707400000, 0x0000000707600000, 0x0000000707600000|100%|HC|  |TAMS 0x0000000707600000, 0x0000000707400000| Complete 
|  59|0x0000000707600000, 0x0000000707800000, 0x0000000707800000|100%|HC|  |TAMS 0x0000000707800000, 0x0000000707600000| Complete 
|  60|0x0000000707800000, 0x0000000707a00000, 0x0000000707a00000|100%|HC|  |TAMS 0x0000000707a00000, 0x0000000707800000| Complete 
|  61|0x0000000707a00000, 0x0000000707c00000, 0x0000000707c00000|100%|HC|  |TAMS 0x0000000707c00000, 0x0000000707a00000| Complete 
|  62|0x0000000707c00000, 0x0000000707e00000, 0x0000000707e00000|100%|HC|  |TAMS 0x0000000707e00000, 0x0000000707c00000| Complete 
|  63|0x0000000707e00000, 0x0000000708000000, 0x0000000708000000|100%|HC|  |TAMS 0x0000000708000000, 0x0000000707e00000| Complete 
|  64|0x0000000708000000, 0x0000000708200000, 0x0000000708200000|100%|HC|  |TAMS 0x0000000708200000, 0x0000000708000000| Complete 
|  65|0x0000000708200000, 0x0000000708400000, 0x0000000708400000|100%|HC|  |TAMS 0x0000000708400000, 0x0000000708200000| Complete 
|  66|0x0000000708400000, 0x0000000708600000, 0x0000000708600000|100%|HC|  |TAMS 0x0000000708600000, 0x0000000708400000| Complete 
|  67|0x0000000708600000, 0x0000000708800000, 0x0000000708800000|100%|HC|  |TAMS 0x0000000708800000, 0x0000000708600000| Complete 
|  68|0x0000000708800000, 0x0000000708a00000, 0x0000000708a00000|100%|HC|  |TAMS 0x0000000708a00000, 0x0000000708800000| Complete 
|  69|0x0000000708a00000, 0x0000000708c00000, 0x0000000708c00000|100%|HC|  |TAMS 0x0000000708c00000, 0x0000000708a00000| Complete 
|  70|0x0000000708c00000, 0x0000000708e00000, 0x0000000708e00000|100%|HC|  |TAMS 0x0000000708e00000, 0x0000000708c00000| Complete 
|  71|0x0000000708e00000, 0x0000000709000000, 0x0000000709000000|100%|HC|  |TAMS 0x0000000709000000, 0x0000000708e00000| Complete 
|  72|0x0000000709000000, 0x0000000709200000, 0x0000000709200000|100%|HC|  |TAMS 0x0000000709200000, 0x0000000709000000| Complete 
|  73|0x0000000709200000, 0x0000000709400000, 0x0000000709400000|100%|HC|  |TAMS 0x0000000709400000, 0x0000000709200000| Complete 
|  74|0x0000000709400000, 0x0000000709600000, 0x0000000709600000|100%|HC|  |TAMS 0x0000000709600000, 0x0000000709400000| Complete 
|  75|0x0000000709600000, 0x0000000709800000, 0x0000000709800000|100%|HC|  |TAMS 0x0000000709800000, 0x0000000709600000| Complete 
|  76|0x0000000709800000, 0x0000000709a00000, 0x0000000709a00000|100%|HC|  |TAMS 0x0000000709a00000, 0x0000000709800000| Complete 
|  77|0x0000000709a00000, 0x0000000709c00000, 0x0000000709c00000|100%|HC|  |TAMS 0x0000000709c00000, 0x0000000709a00000| Complete 
|  78|0x0000000709c00000, 0x0000000709e00000, 0x0000000709e00000|100%|HC|  |TAMS 0x0000000709e00000, 0x0000000709c00000| Complete 
|  79|0x0000000709e00000, 0x000000070a000000, 0x000000070a000000|100%|HC|  |TAMS 0x000000070a000000, 0x0000000709e00000| Complete 
|  80|0x000000070a000000, 0x000000070a200000, 0x000000070a200000|100%|HC|  |TAMS 0x000000070a200000, 0x000000070a000000| Complete 
|  81|0x000000070a200000, 0x000000070a400000, 0x000000070a400000|100%|HC|  |TAMS 0x000000070a400000, 0x000000070a200000| Complete 
|  82|0x000000070a400000, 0x000000070a600000, 0x000000070a600000|100%|HC|  |TAMS 0x000000070a600000, 0x000000070a400000| Complete 
|  83|0x000000070a600000, 0x000000070a800000, 0x000000070a800000|100%|HC|  |TAMS 0x000000070a800000, 0x000000070a600000| Complete 
|  84|0x000000070a800000, 0x000000070aa00000, 0x000000070aa00000|100%|HC|  |TAMS 0x000000070aa00000, 0x000000070a800000| Complete 
|  85|0x000000070aa00000, 0x000000070ac00000, 0x000000070ac00000|100%|HC|  |TAMS 0x000000070ac00000, 0x000000070aa00000| Complete 
|  86|0x000000070ac00000, 0x000000070ac00000, 0x000000070ae00000|  0%| F|  |TAMS 0x000000070ac00000, 0x000000070ac00000| Untracked 
|  87|0x000000070ae00000, 0x000000070ae00000, 0x000000070b000000|  0%| F|  |TAMS 0x000000070ae00000, 0x000000070ae00000| Untracked 
|  88|0x000000070b000000, 0x000000070b000000, 0x000000070b200000|  0%| F|  |TAMS 0x000000070b000000, 0x000000070b000000| Untracked 
|  89|0x000000070b200000, 0x000000070b200000, 0x000000070b400000|  0%| F|  |TAMS 0x000000070b200000, 0x000000070b200000| Untracked 
|  90|0x000000070b400000, 0x000000070b400000, 0x000000070b600000|  0%| F|  |TAMS 0x000000070b400000, 0x000000070b400000| Untracked 
|  91|0x000000070b600000, 0x000000070b600000, 0x000000070b800000|  0%| F|  |TAMS 0x000000070b600000, 0x000000070b600000| Untracked 
|  92|0x000000070b800000, 0x000000070b800000, 0x000000070ba00000|  0%| F|  |TAMS 0x000000070b800000, 0x000000070b800000| Untracked 
|  93|0x000000070ba00000, 0x000000070ba00000, 0x000000070bc00000|  0%| F|  |TAMS 0x000000070ba00000, 0x000000070ba00000| Untracked 
|  94|0x000000070bc00000, 0x000000070bc00000, 0x000000070be00000|  0%| F|  |TAMS 0x000000070bc00000, 0x000000070bc00000| Untracked 
|  95|0x000000070be00000, 0x000000070be00000, 0x000000070c000000|  0%| F|  |TAMS 0x000000070be00000, 0x000000070be00000| Untracked 
|  96|0x000000070c000000, 0x000000070c000000, 0x000000070c200000|  0%| F|  |TAMS 0x000000070c000000, 0x000000070c000000| Untracked 
|  97|0x000000070c200000, 0x000000070c200000, 0x000000070c400000|  0%| F|  |TAMS 0x000000070c200000, 0x000000070c200000| Untracked 
|  98|0x000000070c400000, 0x000000070c400000, 0x000000070c600000|  0%| F|  |TAMS 0x000000070c400000, 0x000000070c400000| Untracked 
|  99|0x000000070c600000, 0x000000070c600000, 0x000000070c800000|  0%| F|  |TAMS 0x000000070c600000, 0x000000070c600000| Untracked 
| 100|0x000000070c800000, 0x000000070c800000, 0x000000070ca00000|  0%| F|  |TAMS 0x000000070c800000, 0x000000070c800000| Untracked 
| 101|0x000000070ca00000, 0x000000070ca00000, 0x000000070cc00000|  0%| F|  |TAMS 0x000000070ca00000, 0x000000070ca00000| Untracked 
| 102|0x000000070cc00000, 0x000000070cc00000, 0x000000070ce00000|  0%| F|  |TAMS 0x000000070cc00000, 0x000000070cc00000| Untracked 
| 103|0x000000070ce00000, 0x000000070ce00000, 0x000000070d000000|  0%| F|  |TAMS 0x000000070ce00000, 0x000000070ce00000| Untracked 
| 104|0x000000070d000000, 0x000000070d000000, 0x000000070d200000|  0%| F|  |TAMS 0x000000070d000000, 0x000000070d000000| Untracked 
| 105|0x000000070d200000, 0x000000070d200000, 0x000000070d400000|  0%| F|  |TAMS 0x000000070d200000, 0x000000070d200000| Untracked 
| 106|0x000000070d400000, 0x000000070d400000, 0x000000070d600000|  0%| F|  |TAMS 0x000000070d400000, 0x000000070d400000| Untracked 
| 107|0x000000070d600000, 0x000000070d600000, 0x000000070d800000|  0%| F|  |TAMS 0x000000070d600000, 0x000000070d600000| Untracked 
| 108|0x000000070d800000, 0x000000070d997f00, 0x000000070da00000| 79%| E|  |TAMS 0x000000070d800000, 0x000000070d800000| Complete 
| 109|0x000000070da00000, 0x000000070dc00000, 0x000000070dc00000|100%| E|  |TAMS 0x000000070da00000, 0x000000070da00000| Complete 
| 110|0x000000070dc00000, 0x000000070dc86b50, 0x000000070de00000| 26%| S|CS|TAMS 0x000000070dc00000, 0x000000070dc00000| Complete 
| 111|0x000000070de00000, 0x000000070e000000, 0x000000070e000000|100%| E|CS|TAMS 0x000000070de00000, 0x000000070de00000| Complete 
| 112|0x000000070e000000, 0x000000070e200000, 0x000000070e200000|100%| E|CS|TAMS 0x000000070e000000, 0x000000070e000000| Complete 
| 113|0x000000070e200000, 0x000000070e400000, 0x000000070e400000|100%| E|CS|TAMS 0x000000070e200000, 0x000000070e200000| Complete 
| 114|0x000000070e400000, 0x000000070e600000, 0x000000070e600000|100%| E|CS|TAMS 0x000000070e400000, 0x000000070e400000| Complete 
| 115|0x000000070e600000, 0x000000070e800000, 0x000000070e800000|100%| E|CS|TAMS 0x000000070e600000, 0x000000070e600000| Complete 
| 123|0x000000070f600000, 0x000000070f800000, 0x000000070f800000|100%| E|CS|TAMS 0x000000070f600000, 0x000000070f600000| Complete 

Card table byte_map: [0x000002047b8f0000,0x000002047c0f0000] _byte_map_base: 0x00000204780f0000

Marking Bits (Prev, Next): (CMBitMap*) 0x000002047c9e4ae0, (CMBitMap*) 0x000002047c9e4aa0
 Prev Bits: [0x0000020413000000, 0x0000020417000000)
 Next Bits: [0x000002040f000000, 0x0000020413000000)

Polling page: 0x0000020471020000

Metaspace:

Usage:
  Non-class:    110.67 MB used.
      Class:     16.55 MB used.
       Both:    127.22 MB used.

Virtual space:
  Non-class space:      128.00 MB reserved,     111.44 MB ( 87%) committed,  2 nodes.
      Class space:        1.00 GB reserved,      17.25 MB (  2%) committed,  1 nodes.
             Both:        1.12 GB reserved,     128.69 MB ( 11%) committed. 

Chunk freelists:
   Non-Class:  157.00 KB
       Class:  14.78 MB
        Both:  14.93 MB

MaxMetaspaceSize: unlimited
CompressedClassSpaceSize: 1.00 GB
Initial GC threshold: 21.00 MB
Current GC threshold: 212.31 MB
CDS: on
MetaspaceReclaimPolicy: balanced
 - commit_granule_bytes: 65536.
 - commit_granule_words: 8192.
 - virtual_space_node_default_size: 8388608.
 - enlarge_chunks_in_place: 1.
 - new_chunks_are_fully_committed: 0.
 - uncommit_free_chunks: 1.
 - use_allocation_guard: 0.
 - handle_deallocations: 1.


Internal statistics:

num_allocs_failed_limit: 12.
num_arena_births: 2498.
num_arena_deaths: 0.
num_vsnodes_births: 3.
num_vsnodes_deaths: 0.
num_space_committed: 2052.
num_space_uncommitted: 0.
num_chunks_returned_to_freelist: 12.
num_chunks_taken_from_freelist: 7431.
num_chunk_merges: 9.
num_chunk_splits: 5428.
num_chunks_enlarged: 4035.
num_inconsistent_stats: 0.

CodeHeap 'non-profiled nmethods': size=120000Kb used=4642Kb max_used=4642Kb free=115357Kb
 bounds [0x0000020407ad0000, 0x0000020407f60000, 0x000002040f000000]
CodeHeap 'profiled nmethods': size=120000Kb used=16413Kb max_used=16413Kb free=103586Kb
 bounds [0x0000020400000000, 0x0000020401010000, 0x0000020407530000]
CodeHeap 'non-nmethods': size=5760Kb used=1641Kb max_used=1669Kb free=4118Kb
 bounds [0x0000020407530000, 0x00000204077a0000, 0x0000020407ad0000]
 total_blobs=9569 nmethods=8525 adapters=953
 compilation: enabled
              stopped_count=0, restarted_count=0
 full_count=0

Compilation events (20 events):
Event: 34.039 Thread 0x000002047f8302b0 nmethod 9279 0x0000020400faf090 code [0x0000020400faf240, 0x0000020400faf3e8]
Event: 34.039 Thread 0x000002047f8302b0 9280       3       org.codehaus.janino.UnitCompiler::findIMethod (158 bytes)
Event: 34.040 Thread 0x000002047f8302b0 nmethod 9280 0x0000020400faf510 code [0x0000020400faf7e0, 0x0000020400fb0ae8]
Event: 34.040 Thread 0x000002047f8302b0 9283       3       org.codehaus.janino.Java$Block::accept (8 bytes)
Event: 34.040 Thread 0x000002047f8302b0 nmethod 9283 0x0000020400fb1110 code [0x0000020400fb12c0, 0x0000020400fb14a8]
Event: 34.040 Thread 0x000002047f8302b0 9282       3       org.codehaus.janino.util.ClassFile$ConstantNameAndTypeInfo::equals (41 bytes)
Event: 34.040 Thread 0x000002047f8302b0 nmethod 9282 0x0000020400fb1590 code [0x0000020400fb1740, 0x0000020400fb1c38]
Event: 34.040 Thread 0x000002047f8302b0 9285       3       org.codehaus.janino.UnitCompiler$19::visitIntegerLiteral (9 bytes)
Event: 34.040 Thread 0x000002047f8302b0 nmethod 9285 0x0000020400fb1d90 code [0x0000020400fb1f40, 0x0000020400fb20e8]
Event: 34.040 Thread 0x000002047f8302b0 9286       3       org.codehaus.janino.UnitCompiler::access$11900 (6 bytes)
Event: 34.041 Thread 0x000002047f8302b0 nmethod 9286 0x0000020400fb2210 code [0x0000020400fb23a0, 0x0000020400fb24c8]
Event: 34.041 Thread 0x000002047f8302b0 9287   !   3       org.codehaus.janino.UnitCompiler::getConstantValue2 (258 bytes)
Event: 34.042 Thread 0x000002047f8302b0 nmethod 9287 0x0000020400fb2590 code [0x0000020400fb2b20, 0x0000020400fb51a8]
Event: 34.043 Thread 0x000002047f8302b0 9290       3       org.codehaus.janino.ReflectionIClass::access$300 (5 bytes)
Event: 34.043 Thread 0x000002047f8302b0 nmethod 9290 0x0000020400fb6090 code [0x0000020400fb6220, 0x0000020400fb6328]
Event: 34.043 Thread 0x000002047f8302b0 9289       3       org.codehaus.janino.UnitCompiler::generatesCode (41 bytes)
Event: 34.043 Thread 0x000002047f8302b0 nmethod 9289 0x0000020400fb6410 code [0x0000020400fb65e0, 0x0000020400fb6a68]
Event: 34.043 Thread 0x000002047f8302b0 9288       3       org.codehaus.janino.UnitCompiler$30::getConstantValue (54 bytes)
Event: 34.043 Thread 0x000002047f8302b0 nmethod 9288 0x0000020400fb6c10 code [0x0000020400fb6e60, 0x0000020400fb7878]
Event: 34.043 Thread 0x000002047f8302b0 9291       3       java.util.concurrent.ConcurrentSkipListMap::doPut (548 bytes)

GC Heap History (20 events):
Event: 14.071 GC heap before
{Heap before GC invocations=15 (full 0):
 garbage-first heap   total 133120K, used 99669K [0x0000000700000000, 0x0000000800000000)
  region size 2048K, 29 young (59392K), 4 survivors (8192K)
 Metaspace       used 87076K, committed 87552K, reserved 1179648K
  class space    used 10702K, committed 10944K, reserved 1048576K
}
Event: 14.077 GC heap after
{Heap after GC invocations=16 (full 0):
 garbage-first heap   total 133120K, used 54329K [0x0000000700000000, 0x0000000800000000)
  region size 2048K, 4 young (8192K), 4 survivors (8192K)
 Metaspace       used 87076K, committed 87552K, reserved 1179648K
  class space    used 10702K, committed 10944K, reserved 1048576K
}
Event: 16.192 GC heap before
{Heap before GC invocations=16 (full 0):
 garbage-first heap   total 133120K, used 101433K [0x0000000700000000, 0x0000000800000000)
  region size 2048K, 27 young (55296K), 4 survivors (8192K)
 Metaspace       used 97153K, committed 97792K, reserved 1179648K
  class space    used 12109K, committed 12416K, reserved 1048576K
}
Event: 16.196 GC heap after
{Heap after GC invocations=17 (full 0):
 garbage-first heap   total 133120K, used 55902K [0x0000000700000000, 0x0000000800000000)
  region size 2048K, 3 young (6144K), 3 survivors (6144K)
 Metaspace       used 97153K, committed 97792K, reserved 1179648K
  class space    used 12109K, committed 12416K, reserved 1048576K
}
Event: 17.530 GC heap before
{Heap before GC invocations=17 (full 0):
 garbage-first heap   total 133120K, used 70238K [0x0000000700000000, 0x0000000800000000)
  region size 2048K, 12 young (24576K), 3 survivors (6144K)
 Metaspace       used 100234K, committed 100800K, reserved 1179648K
  class space    used 12503K, committed 12800K, reserved 1048576K
}
Event: 17.533 GC heap after
{Heap after GC invocations=18 (full 0):
 garbage-first heap   total 133120K, used 58890K [0x0000000700000000, 0x0000000800000000)
  region size 2048K, 3 young (6144K), 3 survivors (6144K)
 Metaspace       used 100234K, committed 100800K, reserved 1179648K
  class space    used 12503K, committed 12800K, reserved 1048576K
}
Event: 24.043 GC heap before
{Heap before GC invocations=19 (full 0):
 garbage-first heap   total 133120K, used 101898K [0x0000000700000000, 0x0000000800000000)
  region size 2048K, 24 young (49152K), 3 survivors (6144K)
 Metaspace       used 109037K, committed 109696K, reserved 1179648K
  class space    used 13832K, committed 14144K, reserved 1048576K
}
Event: 24.047 GC heap after
{Heap after GC invocations=20 (full 0):
 garbage-first heap   total 133120K, used 60810K [0x0000000700000000, 0x0000000800000000)
  region size 2048K, 3 young (6144K), 3 survivors (6144K)
 Metaspace       used 109037K, committed 109696K, reserved 1179648K
  class space    used 13832K, committed 14144K, reserved 1048576K
}
Event: 27.110 GC heap before
{Heap before GC invocations=20 (full 0):
 garbage-first heap   total 133120K, used 101770K [0x0000000700000000, 0x0000000800000000)
  region size 2048K, 24 young (49152K), 3 survivors (6144K)
 Metaspace       used 117411K, committed 118336K, reserved 1179648K
  class space    used 15096K, committed 15552K, reserved 1048576K
}
Event: 27.114 GC heap after
{Heap after GC invocations=21 (full 0):
 garbage-first heap   total 133120K, used 62825K [0x0000000700000000, 0x0000000800000000)
  region size 2048K, 2 young (4096K), 2 survivors (4096K)
 Metaspace       used 117411K, committed 118336K, reserved 1179648K
  class space    used 15096K, committed 15552K, reserved 1048576K
}
Event: 28.436 GC heap before
{Heap before GC invocations=21 (full 0):
 garbage-first heap   total 133120K, used 79209K [0x0000000700000000, 0x0000000800000000)
  region size 2048K, 12 young (24576K), 2 survivors (4096K)
 Metaspace       used 121151K, committed 122176K, reserved 1179648K
  class space    used 15531K, committed 16000K, reserved 1048576K
}
Event: 28.440 GC heap after
{Heap after GC invocations=22 (full 0):
 garbage-first heap   total 133120K, used 64240K [0x0000000700000000, 0x0000000800000000)
  region size 2048K, 2 young (4096K), 2 survivors (4096K)
 Metaspace       used 121151K, committed 122176K, reserved 1179648K
  class space    used 15531K, committed 16000K, reserved 1048576K
}
Event: 29.415 GC heap before
{Heap before GC invocations=23 (full 0):
 garbage-first heap   total 133120K, used 97008K [0x0000000700000000, 0x0000000800000000)
  region size 2048K, 17 young (34816K), 2 survivors (4096K)
 Metaspace       used 125082K, committed 126208K, reserved 1179648K
  class space    used 16118K, committed 16640K, reserved 1048576K
}
Event: 29.418 GC heap after
{Heap after GC invocations=24 (full 0):
 garbage-first heap   total 133120K, used 66526K [0x0000000700000000, 0x0000000800000000)
  region size 2048K, 3 young (6144K), 3 survivors (6144K)
 Metaspace       used 125082K, committed 126208K, reserved 1179648K
  class space    used 16118K, committed 16640K, reserved 1048576K
}
Event: 30.013 GC heap before
{Heap before GC invocations=25 (full 0):
 garbage-first heap   total 133120K, used 91102K [0x0000000700000000, 0x0000000800000000)
  region size 2048K, 14 young (28672K), 3 survivors (6144K)
 Metaspace       used 127185K, committed 128576K, reserved 1179648K
  class space    used 16469K, committed 17152K, reserved 1048576K
}
Event: 30.018 GC heap after
{Heap after GC invocations=26 (full 0):
 garbage-first heap   total 133120K, used 67892K [0x0000000700000000, 0x0000000800000000)
  region size 2048K, 2 young (4096K), 2 survivors (4096K)
 Metaspace       used 127185K, committed 128576K, reserved 1179648K
  class space    used 16469K, committed 17152K, reserved 1048576K
}
Event: 30.301 GC heap before
{Heap before GC invocations=27 (full 0):
 garbage-first heap   total 225280K, used 139572K [0x0000000700000000, 0x0000000800000000)
  region size 2048K, 7 young (14336K), 2 survivors (4096K)
 Metaspace       used 128183K, committed 129536K, reserved 1179648K
  class space    used 16602K, committed 17280K, reserved 1048576K
}
Event: 30.305 GC heap after
{Heap after GC invocations=28 (full 0):
 garbage-first heap   total 225280K, used 135329K [0x0000000700000000, 0x0000000800000000)
  region size 2048K, 2 young (4096K), 2 survivors (4096K)
 Metaspace       used 128183K, committed 129536K, reserved 1179648K
  class space    used 16602K, committed 17280K, reserved 1048576K
}
Event: 31.827 GC heap before
{Heap before GC invocations=29 (full 0):
 garbage-first heap   total 239616K, used 149665K [0x0000000700000000, 0x0000000800000000)
  region size 2048K, 8 young (16384K), 2 survivors (4096K)
 Metaspace       used 128887K, committed 130304K, reserved 1179648K
  class space    used 16701K, committed 17408K, reserved 1048576K
}
Event: 31.829 GC heap after
{Heap after GC invocations=30 (full 0):
 garbage-first heap   total 239616K, used 133844K [0x0000000700000000, 0x0000000800000000)
  region size 2048K, 1 young (2048K), 1 survivors (2048K)
 Metaspace       used 128887K, committed 130304K, reserved 1179648K
  class space    used 16701K, committed 17408K, reserved 1048576K
}

Deoptimization events (20 events):
Event: 31.846 Thread 0x000002045fbb0df0 Uncommon trap: trap_request=0xffffff45 fr.pc=0x0000020407c259d4 relative=0x0000000000001414
Event: 31.846 Thread 0x000002045fbb0df0 Uncommon trap: reason=unstable_if action=reinterpret pc=0x0000020407c259d4 method=java.util.concurrent.ConcurrentHashMap.transfer([Ljava/util/concurrent/ConcurrentHashMap$Node;[Ljava/util/concurrent/ConcurrentHashMap$Node;)V @ 34 c2
Event: 31.846 Thread 0x000002045fbb0df0 DEOPT PACKING pc=0x0000020407c259d4 sp=0x0000008679bfd970
Event: 31.846 Thread 0x000002045fbb0df0 DEOPT UNPACKING pc=0x00000204075823a3 sp=0x0000008679bfd930 mode 2
Event: 31.846 Thread 0x000002045e68bb50 Uncommon trap: trap_request=0xffffff45 fr.pc=0x0000020407c259c0 relative=0x0000000000001400
Event: 31.846 Thread 0x000002045e68bb50 Uncommon trap: reason=unstable_if action=reinterpret pc=0x0000020407c259c0 method=java.util.concurrent.ConcurrentHashMap.transfer([Ljava/util/concurrent/ConcurrentHashMap$Node;[Ljava/util/concurrent/ConcurrentHashMap$Node;)V @ 273 c2
Event: 31.846 Thread 0x000002045e68bb50 DEOPT PACKING pc=0x0000020407c259c0 sp=0x00000086779fd730
Event: 31.846 Thread 0x000002045e68bb50 DEOPT UNPACKING pc=0x00000204075823a3 sp=0x00000086779fd6d0 mode 2
Event: 31.846 Thread 0x000002045e68bb50 Uncommon trap: trap_request=0xffffff45 fr.pc=0x0000020407ed41d0 relative=0x0000000000001670
Event: 31.846 Thread 0x000002045e68bb50 Uncommon trap: reason=unstable_if action=reinterpret pc=0x0000020407ed41d0 method=java.util.concurrent.ConcurrentHashMap.addCount(JI)V @ 171 c2
Event: 31.846 Thread 0x000002045e68bb50 DEOPT PACKING pc=0x0000020407ed41d0 sp=0x00000086779fd840
Event: 31.846 Thread 0x000002045e68bb50 DEOPT UNPACKING pc=0x00000204075823a3 sp=0x00000086779fd710 mode 2
Event: 31.846 Thread 0x000002045e68bb50 Uncommon trap: trap_request=0xffffff45 fr.pc=0x0000020407c12a14 relative=0x0000000000004d34
Event: 31.846 Thread 0x000002045e68bb50 Uncommon trap: reason=unstable_if action=reinterpret pc=0x0000020407c12a14 method=java.util.concurrent.ConcurrentHashMap.get(Ljava/lang/Object;)Ljava/lang/Object; @ 86 c2
Event: 31.846 Thread 0x000002045e68bb50 DEOPT PACKING pc=0x0000020407c12a14 sp=0x00000086779fd7d0
Event: 31.846 Thread 0x000002045e68bb50 DEOPT UNPACKING pc=0x00000204075823a3 sp=0x00000086779fd6e0 mode 2
Event: 31.858 Thread 0x000002045fbb08e0 Uncommon trap: trap_request=0xffffffd6 fr.pc=0x0000020407f44c78 relative=0x00000000000002f8
Event: 31.858 Thread 0x000002045fbb08e0 Uncommon trap: reason=array_check action=maybe_recompile pc=0x0000020407f44c78 method=scala.runtime.ScalaRunTime$.array_update(Ljava/lang/Object;ILjava/lang/Object;)V @ 13 c2
Event: 31.858 Thread 0x000002045fbb08e0 DEOPT PACKING pc=0x0000020407f44c78 sp=0x000000867a0feef0
Event: 31.858 Thread 0x000002045fbb08e0 DEOPT UNPACKING pc=0x00000204075823a3 sp=0x000000867a0fee90 mode 2

Classes unloaded (0 events):
No events

Classes redefined (0 events):
No events

Internal exceptions (20 events):
Event: 29.714 Thread 0x000002045fbb0df0 Exception <a 'java/lang/NoSuchMethodError'{0x000000070e0b0638}: 'java.lang.Object java.lang.invoke.Invokers$Holder.invoker(java.lang.Object, java.lang.Object, java.lang.Object, java.lang.Object, java.lang.Object, java.lang.Object)'> (0x000000070e0b0638) 
thrown [s\open\src\hotspot\share\interpreter\linkResolver.cpp, line 759]
Event: 29.726 Thread 0x000002045fbb0df0 Exception <a 'java/lang/NoSuchMethodError'{0x000000070e10cdf8}: 'java.lang.Object java.lang.invoke.DirectMethodHandle$Holder.invokeStatic(java.lang.Object, java.lang.Object, int, int)'> (0x000000070e10cdf8) 
thrown [s\open\src\hotspot\share\interpreter\linkResolver.cpp, line 759]
Event: 29.734 Thread 0x000002045fbb0df0 Exception <a 'java/lang/NoSuchMethodError'{0x000000070e14f670}: 'java.lang.Object java.lang.invoke.Invokers$Holder.invoker(java.lang.Object, java.lang.Object, java.lang.Object, java.lang.Object, java.lang.Object, java.lang.Object, java.lang.Object, java.lang.Object, java.lang.Object, java.lang.Object, java.lang.Object, java.lang.Object, java.lang.Object, java.lang.Object, java.lang.Object, java.lang.Object, java.lang.Object, java.lang.Object, java.lang.Object, java.lang.Object, java.lang.Object, java.lang.
Event: 29.736 Thread 0x000002045fbb0df0 Exception <a 'java/lang/NoSuchMethodError'{0x000000070e160498}: 'java.lang.Object java.lang.invoke.DelegatingMethodHandle$Holder.delegate(java.lang.Object, java.lang.Object, java.lang.Object, java.lang.Object, java.lang.Object, java.lang.Object, java.lang.Object, java.lang.Object, java.lang.Object, java.lang.Object, java.lang.Object, java.lang.Object, java.lang.Object, java.lang.Object, java.lang.Object, java.lang.Object, java.lang.Object, java.lang.Object, java.lang.Object, java.lang.Object, java.lang.Obj
Event: 29.764 Thread 0x000002045fbb0df0 Exception <a 'java/lang/NoSuchMethodError'{0x000000070e1e9388}: 'java.lang.Object java.lang.invoke.DirectMethodHandle$Holder.invokeSpecial(java.lang.Object, java.lang.Object, java.lang.Object, java.lang.Object, java.lang.Object, java.lang.Object, java.lang.Object, java.lang.Object, java.lang.Object, java.lang.Object, java.lang.Object, java.lang.Object, java.lang.Object, java.lang.Object, java.lang.Object)'> (0x000000070e1e9388) 
thrown [s\open\src\hotspot\share\interpreter\linkResolver.cpp, line 759]
Event: 29.764 Thread 0x000002045fbb0df0 Exception <a 'java/lang/NoSuchMethodError'{0x000000070e1ee2b8}: 'java.lang.Object java.lang.invoke.Invokers$Holder.invoker(java.lang.Object, java.lang.Object, java.lang.Object, java.lang.Object, java.lang.Object, java.lang.Object, java.lang.Object, java.lang.Object, java.lang.Object, java.lang.Object, java.lang.Object, java.lang.Object, java.lang.Object, java.lang.Object, java.lang.Object)'> (0x000000070e1ee2b8) 
thrown [s\open\src\hotspot\share\interpreter\linkResolver.cpp, line 759]
Event: 29.771 Thread 0x000002045fbb0df0 Exception <a 'java/lang/NoSuchMethodError'{0x0000000707633070}: 'java.lang.Object java.lang.invoke.Invokers$Holder.invoker(java.lang.Object, java.lang.Object, java.lang.Object, java.lang.Object, java.lang.Object, java.lang.Object, java.lang.Object, java.lang.Object, java.lang.Object, java.lang.Object, java.lang.Object, java.lang.Object, java.lang.Object, java.lang.Object, java.lang.Object, java.lang.Object, java.lang.Object, java.lang.Object, java.lang.Object, java.lang.Object, java.lang.Object, java.lang.
Event: 29.772 Thread 0x000002045fbb0df0 Exception <a 'java/lang/NoSuchMethodError'{0x000000070763f438}: 'java.lang.Object java.lang.invoke.DelegatingMethodHandle$Holder.delegate(java.lang.Object, java.lang.Object, java.lang.Object, java.lang.Object, java.lang.Object, java.lang.Object, java.lang.Object, java.lang.Object, java.lang.Object, java.lang.Object, java.lang.Object, java.lang.Object, java.lang.Object, java.lang.Object, java.lang.Object, java.lang.Object, java.lang.Object, java.lang.Object, java.lang.Object, java.lang.Object, java.lang.Obj
Event: 29.774 Thread 0x000002045fbb0df0 Exception <a 'java/lang/NoSuchMethodError'{0x00000007076562e0}: 'java.lang.Object java.lang.invoke.Invokers$Holder.invoker(java.lang.Object, java.lang.Object, java.lang.Object, java.lang.Object, java.lang.Object)'> (0x00000007076562e0) 
thrown [s\open\src\hotspot\share\interpreter\linkResolver.cpp, line 759]
Event: 29.993 Thread 0x000002045fbb0df0 Exception <a 'java/lang/NoSuchMethodError'{0x0000000706fdbb30}: 'java.lang.Object java.lang.invoke.DirectMethodHandle$Holder.invokeSpecial(java.lang.Object, java.lang.Object, int, long, int)'> (0x0000000706fdbb30) 
thrown [s\open\src\hotspot\share\interpreter\linkResolver.cpp, line 759]
Event: 30.109 Thread 0x000002045fbb0df0 Exception <a 'java/lang/NoSuchMethodError'{0x000000070e7bd4a0}: 'java.lang.Object java.lang.invoke.Invokers$Holder.linkToTargetMethod(java.lang.Object, long, long, java.lang.Object, java.lang.Object)'> (0x000000070e7bd4a0) 
thrown [s\open\src\hotspot\share\interpreter\linkResolver.cpp, line 759]
Event: 30.252 Thread 0x000002045fbb0df0 Exception <a 'java/lang/NoSuchMethodError'{0x000000070e3bde98}: 'long java.lang.invoke.DirectMethodHandle$Holder.invokeStatic(java.lang.Object, java.lang.Object, java.lang.Object)'> (0x000000070e3bde98) 
thrown [s\open\src\hotspot\share\interpreter\linkResolver.cpp, line 759]
Event: 30.254 Thread 0x000002045fbb0df0 Exception <a 'java/lang/NoSuchMethodError'{0x000000070e3c5138}: 'long java.lang.invoke.DirectMethodHandle$Holder.invokeInterface(java.lang.Object, java.lang.Object, java.lang.Object)'> (0x000000070e3c5138) 
thrown [s\open\src\hotspot\share\interpreter\linkResolver.cpp, line 759]
Event: 31.830 Thread 0x000002045fbb0df0 Exception <a 'java/lang/NoSuchMethodError'{0x000000070f6029f0}: static Lorg/apache/spark/scheduler/CompressedMapStatus;.<clinit>()V> (0x000000070f6029f0) 
thrown [s\open\src\hotspot\share\prims\jni.cpp, line 1112]
Event: 31.838 Thread 0x000002045fbb0df0 Exception <a 'java/lang/NoSuchMethodError'{0x000000070f641c28}: static Lorg/apache/spark/scheduler/DirectTaskResult;.<clinit>()V> (0x000000070f641c28) 
thrown [s\open\src\hotspot\share\prims\jni.cpp, line 1112]
Event: 33.943 Thread 0x000002045e80e650 Exception <a 'java/lang/NoSuchMethodError'{0x000000070e407b08}: 'java.lang.Object java.lang.invoke.DirectMethodHandle$Holder.newInvokeSpecial(java.lang.Object, java.lang.Object, int, long)'> (0x000000070e407b08) 
thrown [s\open\src\hotspot\share\interpreter\linkResolver.cpp, line 759]
Event: 33.943 Thread 0x000002045e80e650 Exception <a 'java/lang/NoSuchMethodError'{0x000000070e40bf00}: 'java.lang.Object java.lang.invoke.DirectMethodHandle$Holder.invokeSpecial(java.lang.Object, java.lang.Object, java.lang.Object, int, long)'> (0x000000070e40bf00) 
thrown [s\open\src\hotspot\share\interpreter\linkResolver.cpp, line 759]
Event: 33.947 Thread 0x000002045e80e650 Exception <a 'java/lang/NoSuchMethodError'{0x000000070e431cf8}: 'java.lang.Object java.lang.invoke.DirectMethodHandle$Holder.newInvokeSpecial(java.lang.Object, java.lang.Object, java.lang.Object, long, java.lang.Object, java.lang.Object)'> (0x000000070e431cf8) 
thrown [s\open\src\hotspot\share\interpreter\linkResolver.cpp, line 759]
Event: 33.970 Thread 0x000002047faab660 Exception <a 'java/lang/NoSuchMethodError'{0x000000070e542c48}: 'java.lang.Object java.lang.invoke.DirectMethodHandle$Holder.newInvokeSpecial(java.lang.Object, java.lang.Object, long, long, long)'> (0x000000070e542c48) 
thrown [s\open\src\hotspot\share\interpreter\linkResolver.cpp, line 759]
Event: 33.999 Thread 0x000002045fbb2740 Exception <a 'java/lang/NoSuchMethodError'{0x000000070e2fa198}: 'java.lang.Object java.lang.invoke.DirectMethodHandle$Holder.newInvokeSpecial(java.lang.Object, java.lang.Object, int, int)'> (0x000000070e2fa198) 
thrown [s\open\src\hotspot\share\interpreter\linkResolver.cpp, line 759]

VM Operations (20 events):
Event: 30.281 Executing VM operation: HandshakeAllThreads done
Event: 30.282 Executing VM operation: HandshakeAllThreads
Event: 30.282 Executing VM operation: HandshakeAllThreads done
Event: 30.301 Executing VM operation: G1TryInitiateConcMark
Event: 30.305 Executing VM operation: G1TryInitiateConcMark done
Event: 30.331 Executing VM operation: G1Concurrent
Event: 30.335 Executing VM operation: G1Concurrent done
Event: 30.348 Executing VM operation: G1Concurrent
Event: 30.348 Executing VM operation: G1Concurrent done
Event: 31.355 Executing VM operation: Cleanup
Event: 31.355 Executing VM operation: Cleanup done
Event: 31.826 Executing VM operation: G1TryInitiateConcMark
Event: 31.829 Executing VM operation: G1TryInitiateConcMark done
Event: 31.858 Executing VM operation: G1Concurrent
Event: 31.862 Executing VM operation: G1Concurrent done
Event: 31.875 Executing VM operation: G1Concurrent
Event: 31.875 Executing VM operation: G1Concurrent done
Event: 32.881 Executing VM operation: Cleanup
Event: 33.940 Executing VM operation: Cleanup done
Event: 34.948 Executing VM operation: Cleanup

Events (20 events):
Event: 29.920 loading class java/lang/org done
Event: 30.280 loading class java/nio/ByteBufferAsIntBufferB
Event: 30.280 loading class java/nio/ByteBufferAsIntBufferB done
Event: 31.628 Thread 0x00000204613ad2e0 Thread added: 0x00000204613ad2e0
Event: 31.751 loading class java/nio/channels/FileChannel$MapMode
Event: 31.751 loading class java/nio/channels/FileChannel$MapMode done
Event: 31.751 loading class jdk/internal/misc/ExtendedMapMode
Event: 31.751 loading class jdk/internal/misc/ExtendedMapMode done
Event: 31.752 loading class sun/nio/ch/Util$4
Event: 31.753 loading class sun/nio/ch/Util$4 done
Event: 31.850 Thread 0x000002045fbb08e0 Thread added: 0x000002045fbb08e0
Event: 33.924 Thread 0x000002045fbaea80 Thread added: 0x000002045fbaea80
Event: 33.924 Thread 0x00000204613ad2e0 Thread exited: 0x00000204613ad2e0
Event: 33.998 Thread 0x000002045fbb2740 Thread added: 0x000002045fbb2740
Event: 33.999 loading class java/util/concurrent/CompletableFuture$UniWhenComplete
Event: 33.999 loading class java/util/concurrent/CompletableFuture$UniCompletion
Event: 34.000 loading class java/util/concurrent/CompletableFuture$UniCompletion done
Event: 34.000 loading class java/util/concurrent/CompletableFuture$UniWhenComplete done
Event: 34.028 loading class java/lang/org
Event: 34.028 loading class java/lang/org done


Dynamic libraries:
0x00007ff675940000 - 0x00007ff675950000 	C:\Program Files\Java\jdk-17\bin\java.exe
0x00007ffffec40000 - 0x00007ffffeea6000 	C:\WINDOWS\SYSTEM32\ntdll.dll
0x00007ffffcde0000 - 0x00007ffffcea9000 	C:\WINDOWS\System32\KERNEL32.DLL
0x00007ffffc0b0000 - 0x00007ffffc4af000 	C:\WINDOWS\System32\KERNELBASE.dll
0x00007ffffc550000 - 0x00007ffffc69c000 	C:\WINDOWS\System32\ucrtbase.dll
0x00007fffac660000 - 0x00007fffac679000 	C:\Program Files\Java\jdk-17\bin\jli.dll
0x00007ffffd7e0000 - 0x00007ffffd89c000 	C:\WINDOWS\System32\ADVAPI32.dll
0x00007ffffcb50000 - 0x00007ffffcbf9000 	C:\WINDOWS\System32\msvcrt.dll
0x00007ffffd8b0000 - 0x00007ffffd95a000 	C:\WINDOWS\System32\sechost.dll
0x00007ffffeae0000 - 0x00007ffffebf8000 	C:\WINDOWS\System32\RPCRT4.dll
0x00007ffffd390000 - 0x00007ffffd556000 	C:\WINDOWS\System32\USER32.dll
0x00007ffffbe50000 - 0x00007ffffbe77000 	C:\WINDOWS\System32\win32u.dll
0x00007ffffe690000 - 0x00007ffffe6bb000 	C:\WINDOWS\System32\GDI32.dll
0x00007ffffc6b0000 - 0x00007ffffc7d9000 	C:\WINDOWS\System32\gdi32full.dll
0x00007ffffbf40000 - 0x00007ffffbfe3000 	C:\WINDOWS\System32\msvcp_win.dll
0x00007fffac640000 - 0x00007fffac65b000 	C:\Program Files\Java\jdk-17\bin\VCRUNTIME140.dll
0x00007fffd94a0000 - 0x00007fffd9731000 	C:\WINDOWS\WinSxS\amd64_microsoft.windows.common-controls_6595b64144ccf1df_6.0.26100.8972_none_3e0da176e32f9d4b\COMCTL32.dll
0x00007fffefa30000 - 0x00007fffefa3b000 	C:\WINDOWS\SYSTEM32\VERSION.dll
0x00007ffffe620000 - 0x00007ffffe652000 	C:\WINDOWS\System32\IMM32.DLL
0x00007fffaa8d0000 - 0x00007fffaaf42000 	C:\Program Files\McAfee\DLP\Agent\fcagpph64.dll
0x00007ffffd960000 - 0x00007ffffe0e8000 	C:\WINDOWS\System32\SHELL32.dll
0x00007ffffd640000 - 0x00007ffffd7d9000 	C:\WINDOWS\System32\ole32.dll
0x00007ffffe6c0000 - 0x00007ffffea45000 	C:\WINDOWS\System32\combase.dll
0x00007ffffd160000 - 0x00007ffffd1c6000 	C:\WINDOWS\System32\SHLWAPI.dll
0x00007ffffcd00000 - 0x00007ffffcd82000 	C:\WINDOWS\System32\WS2_32.dll
0x00007ffffd560000 - 0x00007ffffd639000 	C:\WINDOWS\System32\OLEAUT32.dll
0x00007ffff7f00000 - 0x00007ffff7f29000 	C:\WINDOWS\SYSTEM32\WTSAPI32.dll
0x00007ffffc7e0000 - 0x00007ffffc95e000 	C:\WINDOWS\System32\CRYPT32.dll
0x00007fffbe4b0000 - 0x00007fffbe55f000 	C:\WINDOWS\SYSTEM32\WINSPOOL.DRV
0x00007ffffcc00000 - 0x00007ffffccf9000 	C:\WINDOWS\System32\shcore.dll
0x00007ffffadb0000 - 0x00007ffffadf9000 	C:\WINDOWS\SYSTEM32\SspiCli.dll
0x00007ffffb9b0000 - 0x00007ffffba02000 	C:\WINDOWS\SYSTEM32\cfgmgr32.dll
0x00007ffffac30000 - 0x00007ffffac66000 	C:\WINDOWS\SYSTEM32\ntmarta.dll
0x0000020471050000 - 0x0000020471066000 	C:\WINDOWS\System32\umppc21108.dll
0x00007fffc0580000 - 0x00007fffc058c000 	C:\Program Files\Java\jdk-17\bin\vcruntime140_1.dll
0x00007fff2ffd0000 - 0x00007fff3005e000 	C:\Program Files\Java\jdk-17\bin\msvcp140.dll
0x00007ffefe010000 - 0x00007ffefebf0000 	C:\Program Files\Java\jdk-17\bin\server\jvm.dll
0x00007ffffceb0000 - 0x00007ffffceb8000 	C:\WINDOWS\System32\PSAPI.DLL
0x00007ffff3160000 - 0x00007ffff316a000 	C:\WINDOWS\SYSTEM32\WSOCK32.dll
0x00007fffef970000 - 0x00007fffef9a6000 	C:\WINDOWS\SYSTEM32\WINMM.dll
0x00007ffffa9d0000 - 0x00007ffffa9eb000 	C:\WINDOWS\SYSTEM32\kernel.appcore.dll
0x00007fffc0410000 - 0x00007fffc041a000 	C:\Program Files\Java\jdk-17\bin\jimage.dll
0x00007ffff8bc0000 - 0x00007ffff8e02000 	C:\WINDOWS\SYSTEM32\DBGHELP.DLL
0x00007fffcd250000 - 0x00007fffcd28b000 	C:\WINDOWS\SYSTEM32\dbgcore.DLL
0x00007ffffbff0000 - 0x00007ffffc09c000 	C:\WINDOWS\System32\bcryptPrimitives.dll
0x00007fffac5c0000 - 0x00007fffac5e5000 	C:\Program Files\Java\jdk-17\bin\java.dll
0x00007fff2d9f0000 - 0x00007fff2dac7000 	C:\Program Files\Java\jdk-17\bin\jsvml.dll
0x00007ffff9190000 - 0x00007ffff9a2b000 	C:\WINDOWS\SYSTEM32\windows.storage.dll
0x00007ffffbd70000 - 0x00007ffffbd99000 	C:\WINDOWS\SYSTEM32\profapi.dll
0x00007fffac5a0000 - 0x00007fffac5b9000 	C:\Program Files\Java\jdk-17\bin\net.dll
0x00007ffffa9f0000 - 0x00007ffffab18000 	C:\WINDOWS\SYSTEM32\WINHTTP.dll
0x00007ffffb090000 - 0x00007ffffb0fc000 	C:\WINDOWS\system32\mswsock.dll
0x00007fffac3f0000 - 0x00007fffac406000 	C:\Program Files\Java\jdk-17\bin\nio.dll
0x00007fffac3d0000 - 0x00007fffac3e8000 	C:\Program Files\Java\jdk-17\bin\zip.dll
0x00007fffc00c0000 - 0x00007fffc00ca000 	C:\Program Files\Java\jdk-17\bin\management.dll
0x00007fffbe8c0000 - 0x00007fffbe8cb000 	C:\Program Files\Java\jdk-17\bin\management_ext.dll
0x00007fffd1340000 - 0x00007fffd1358000 	C:\WINDOWS\system32\napinsp.dll
0x00007ffff9bf0000 - 0x00007ffff9d48000 	C:\WINDOWS\SYSTEM32\DNSAPI.dll
0x00007ffffaeb0000 - 0x00007ffffaebd000 	C:\WINDOWS\SYSTEM32\DSPARSE.dll
0x00007ffff9bb0000 - 0x00007ffff9be3000 	C:\WINDOWS\SYSTEM32\IPHLPAPI.DLL
0x00007ffffea50000 - 0x00007ffffea5a000 	C:\WINDOWS\System32\NSI.dll
0x00007fffd13a0000 - 0x00007fffd13b3000 	C:\WINDOWS\System32\winrnr.dll
0x00007fffd13c0000 - 0x00007fffd13e2000 	C:\WINDOWS\system32\nlansp_c.dll
0x00007fffee990000 - 0x00007fffee9a6000 	C:\WINDOWS\system32\wshbth.dll
0x00007fffefa40000 - 0x00007fffefa4b000 	C:\Windows\System32\rasadhlp.dll
0x00007ffff4630000 - 0x00007ffff46b6000 	C:\WINDOWS\System32\fwpuclnt.dll
0x00007ffffb4b0000 - 0x00007ffffb4cb000 	C:\WINDOWS\SYSTEM32\CRYPTSP.dll
0x00007ffffa930000 - 0x00007ffffa969000 	C:\WINDOWS\system32\rsaenh.dll
0x00007ffffb140000 - 0x00007ffffb172000 	C:\WINDOWS\SYSTEM32\USERENV.dll
0x00007ffffbd40000 - 0x00007ffffbd6a000 	C:\WINDOWS\SYSTEM32\bcrypt.dll
0x00007ffffb480000 - 0x00007ffffb48c000 	C:\WINDOWS\SYSTEM32\CRYPTBASE.dll
0x00007ffff44a0000 - 0x00007ffff44bd000 	C:\WINDOWS\SYSTEM32\dhcpcsvc6.DLL
0x00007ffff4470000 - 0x00007ffff4495000 	C:\WINDOWS\SYSTEM32\dhcpcsvc.DLL
0x00007fffbcac0000 - 0x00007fffbcac9000 	C:\Program Files\Java\jdk-17\bin\jaas.dll
0x00007fffbc6e0000 - 0x00007fffbc6ee000 	C:\Program Files\Java\jdk-17\bin\sunmscapi.dll
0x00007ffffb620000 - 0x00007ffffb650000 	C:\WINDOWS\SYSTEM32\ncrypt.dll
0x00007ffffb5d0000 - 0x00007ffffb60f000 	C:\WINDOWS\SYSTEM32\NTASN1.dll
0x00007fffc4ea0000 - 0x00007fffc4ea8000 	C:\WINDOWS\system32\wshunix.dll
0x00007fff4bce0000 - 0x00007fff4bd28000 	C:\Users\aravind.harish\AppData\Local\Temp\liblz4-java-8560989284036758593.dll
0x00007fffbc010000 - 0x00007fffbc020000 	C:\Program Files\Java\jdk-17\bin\verify.dll

dbghelp: loaded successfully - version: 4.0.5 - missing functions: none
symbol engine: initialized successfully - sym options: 0x614 - pdb path: .;C:\Program Files\Java\jdk-17\bin;C:\WINDOWS\SYSTEM32;C:\WINDOWS\WinSxS\amd64_microsoft.windows.common-controls_6595b64144ccf1df_6.0.26100.8972_none_3e0da176e32f9d4b;C:\Program Files\McAfee\DLP\Agent;C:\Program Files\Java\jdk-17\bin\server;C:\Users\aravind.harish\AppData\Local\Temp

VM Arguments:
jvm_args: -Xmx4g -XX:+IgnoreUnrecognizedVMOptions --add-modules=jdk.incubator.vector --add-opens=java.base/java.lang=ALL-UNNAMED --add-opens=java.base/java.lang.invoke=ALL-UNNAMED --add-opens=java.base/java.lang.reflect=ALL-UNNAMED --add-opens=java.base/java.io=ALL-UNNAMED --add-opens=java.base/java.net=ALL-UNNAMED --add-opens=java.base/java.nio=ALL-UNNAMED --add-opens=java.base/java.util=ALL-UNNAMED --add-opens=java.base/java.util.concurrent=ALL-UNNAMED --add-opens=java.base/java.util.concurrent.atomic=ALL-UNNAMED --add-opens=java.base/jdk.internal.ref=ALL-UNNAMED --add-opens=java.base/sun.nio.ch=ALL-UNNAMED --add-opens=java.base/sun.nio.cs=ALL-UNNAMED --add-opens=java.base/sun.security.action=ALL-UNNAMED --add-opens=java.base/sun.util.calendar=ALL-UNNAMED --add-opens=java.security.jgss/sun.security.krb5=ALL-UNNAMED -Dio.netty.tryReflectionSetAccessible=true -Dio.netty.allocator.type=pooled -Dio.netty.handler.ssl.defaultEndpointVerificationAlgorithm=NONE --sun-misc-unsafe-memory-access=allow --enable-native-access=ALL-UNNAMED -Dderby.connection.requireAuthentication=false 
java_command: org.apache.spark.deploy.SparkSubmit --conf spark.master=local[2] --conf spark.driver.memory=4g --conf spark.app.name=CustomerChurn pyspark-shell
java_class_path (initial): C:\Users\aravind.harish\AppData\Local\Programs\Python\Python312\Lib\site-packages\pyspark\bin\..\conf;C:\Users\aravind.harish\AppData\Local\Programs\Python\Python312\Lib\site-packages\pyspark\bin\..\jars\slf4j-api-2.0.17.jar;C:\Users\aravind.harish\AppData\Local\Programs\Python\Python312\Lib\site-packages\pyspark\bin\..\jars\aircompressor-2.0.3.jar;C:\Users\aravind.harish\AppData\Local\Programs\Python\Python312\Lib\site-packages\pyspark\bin\..\jars\algebra_2.13-2.8.0.jar;C:\Users\aravind.harish\AppData\Local\Programs\Python\Python312\Lib\site-packages\pyspark\bin\..\jars\antlr-runtime-3.5.2.jar;C:\Users\aravind.harish\AppData\Local\Programs\Python\Python312\Lib\site-packages\pyspark\bin\..\jars\antlr4-runtime-4.13.1.jar;C:\Users\aravind.harish\AppData\Local\Programs\Python\Python312\Lib\site-packages\pyspark\bin\..\jars\aopalliance-repackaged-3.0.6.jar;C:\Users\aravind.harish\AppData\Local\Programs\Python\Python312\Lib\site-packages\pyspark\bin\..\jars\arpack-3.2.0.jar;C:\Users\aravind.harish\AppData\Local\Programs\Python\Python312\Lib\site-packages\pyspark\bin\..\jars\arpack_combined_all-0.1.jar;C:\Users\aravind.harish\AppData\Local\Programs\Python\Python312\Lib\site-packages\pyspark\bin\..\jars\arrow-compression-19.0.0.jar;C:\Users\aravind.harish\AppData\Local\Programs\Python\Python312\Lib\site-packages\pyspark\bin\..\jars\arrow-format-19.0.0.jar;C:\Users\aravind.harish\AppData\Local\Programs\Python\Python312\Lib\site-packages\pyspark\bin\..\jars\arrow-memory-core-19.0.0.jar;C:\Users\aravind.harish\AppData\Local\Programs\Python\Python312\Lib\site-packages\pyspark\bin\..\jars\arrow-memory-netty-19.0.0.jar;C:\Users\aravind.harish\AppData\Local\Programs\Python\Python312\Lib\site-packages\pyspark\bin\..\jars\arrow-memory-netty-buffer-patch-19.0.0.jar;C:\Users\aravind.harish\AppData\Local\Programs\Python\Python312\Lib\site-packages\pyspark\bin\..\jars\arrow-vector-19.0.0.jar;C:\Users\aravind.harish\AppData\Local\Programs\Python\Python312\Li
Launcher Type: SUN_STANDARD

[Global flags]
     intx CICompilerCount                          = 4                                         {product} {ergonomic}
     uint ConcGCThreads                            = 3                                         {product} {ergonomic}
     uint G1ConcRefinementThreads                  = 11                                        {product} {ergonomic}
   size_t G1HeapRegionSize                         = 2097152                                   {product} {ergonomic}
    uintx GCDrainStackTargetSize                   = 64                                        {product} {ergonomic}
     bool IgnoreUnrecognizedVMOptions              = true                                      {product} {command line}
   size_t InitialHeapSize                          = 260046848                                 {product} {ergonomic}
   size_t MarkStackSize                            = 4194304                                   {product} {ergonomic}
   size_t MaxHeapSize                              = 4294967296                                {product} {command line}
   size_t MaxNewSize                               = 2575302656                                {product} {ergonomic}
   size_t MinHeapDeltaBytes                        = 2097152                                   {product} {ergonomic}
   size_t MinHeapSize                              = 8388608                                   {product} {ergonomic}
    uintx NonNMethodCodeHeapSize                   = 5839372                                {pd product} {ergonomic}
    uintx NonProfiledCodeHeapSize                  = 122909434                              {pd product} {ergonomic}
    uintx ProfiledCodeHeapSize                     = 122909434                              {pd product} {ergonomic}
    uintx ReservedCodeCacheSize                    = 251658240                              {pd product} {ergonomic}
     bool SegmentedCodeCache                       = true                                      {product} {ergonomic}
   size_t SoftMaxHeapSize                          = 4294967296                             {manageable} {ergonomic}
     bool UseCompressedClassPointers               = true                           {product lp64_product} {ergonomic}
     bool UseCompressedOops                        = true                           {product lp64_product} {ergonomic}
     bool UseG1GC                                  = true                                      {product} {ergonomic}
     bool UseLargePagesIndividualAllocation        = false                                  {pd product} {ergonomic}

Logging:
Log output configuration:
 #0: stdout all=warning uptime,level,tags
 #1: stderr all=off uptime,level,tags

Environment Variables:
PATH=c:\Users\aravind.harish\AppData\Local\Programs\Python\Python312;c:\Users\aravind.harish\AppData\Roaming\Python\Python312\Scripts;C:\Program Files\Common Files\Oracle\Java\javapath;C:\WINDOWS\system32;C:\WINDOWS;C:\WINDOWS\System32\Wbem;C:\WINDOWS\System32\WindowsPowerShell\v1.0\;C:\WINDOWS\System32\OpenSSH\;C:\Program Files\Java\jdk-17\bin;C:\Program Files\nodejs\;C:\Program Files\Amazon\AWSCLIV2\;C:\Program Files\Git\cmd;C:\Users\aravind.harish\AppData\Local\Programs\Python\Python311\Scripts\;C:\Users\aravind.harish\AppData\Local\Programs\Python\Python311\;C:\Users\aravind.harish\AppData\Local\Programs\Python\Python312\Scripts\;C:\Users\aravind.harish\AppData\Local\Programs\Python\Python312\;C:\Users\aravind.harish\.local\bin;C:\Users\aravind.harish\AppData\Local\Microsoft\WindowsApps;C:\Users\aravind.harish\AppData\Local\Programs\Microsoft VS Code\bin;C:\Program Files\Common Files\Oracle\Java\javapath;C:\WINDOWS\system32;C:\WINDOWS;C:\WINDOWS\System32\Wbem;C:\WINDOWS\System32\WindowsPowerShell\v1.0\;C:\WINDOWS\System32\OpenSSH\;C:\Program Files\Java\jdk-17\bin;C:\Program Files\nodejs\;C:\Program Files\Amazon\AWSCLIV2\;C:\Program Files\Git\cmd;C:\Users\aravind.harish\AppData\Local\Programs\Python\Python311\Scripts\;C:\Users\aravind.harish\AppData\Local\Programs\Python\Python311\;C:\Users\aravind.harish\AppData\Local\Programs\Python\Python312\Scripts\;C:\Users\aravind.harish\AppData\Local\Programs\Python\Python312\;C:\Users\aravind.harish\.local\bin;C:\Users\aravind.harish\AppData\Local\Microsoft\WindowsApps;C:\Users\aravind.harish\AppData\Local\Programs\Microsoft VS Code\bin
USERNAME=aravind.harish
OS=Windows_NT
PROCESSOR_IDENTIFIER=Intel64 Family 6 Model 181 Stepping 0, GenuineIntel



---------------  S Y S T E M  ---------------

OS:
 Windows 11 , 64 bit Build 26100 (10.0.26100.9168)
OS uptime: 2 days 23:29 hours
Hyper-V role detected

CPU: total 14 (initial active 14) (7 cores per cpu, 2 threads per core) family 6 model 181 stepping 0 microcode 0xd, cx8, cmov, fxsr, ht, mmx, 3dnowpref, sse, sse2, sse3, ssse3, sse4.1, sse4.2, popcnt, lzcnt, tsc, tscinvbit, avx, avx2, aes, erms, clmul, bmi1, bmi2, adx, sha, fma, vzeroupper, clflush, clflushopt, clwb, hv

Memory: 4k page, system-wide physical 15804M (284M free)
TotalPageFile size 41498M (AvailPageFile size 16M)
current process WorkingSet (physical memory assigned to process): 470M, peak: 470M
current process commit charge ("private bytes"): 558M, peak: 560M

vm_info: Java HotSpot(TM) 64-Bit Server VM (17.0.12+8-LTS-286) for windows-amd64 JRE (17.0.12+8-LTS-286), built on Jun  5 2024 06:46:59 by "mach5one" with MS VC++ 17.6 (VS2022)

END.
